// Jest Snapshot v1, https://goo.gl/fbAQLP

exports[`<Game /> renders correctly 1`] = `
<div
  className="game"
>
  <div
    className="cards"
  >
    <Card
      disabled={false}
      flipped={false}
      id={0}
      key="0_✈"
      matched={false}
      onClick={[Function]}
      value="✈"
    />
    <Card
      disabled={false}
      flipped={false}
      id={1}
      key="1_♘"
      matched={false}
      onClick={[Function]}
      value="♘"
    />
    <Card
      disabled={false}
      flipped={false}
      id={2}
      key="2_✈"
      matched={false}
      onClick={[Function]}
      value="✈"
    />
    <Card
      disabled={false}
      flipped={false}
      id={3}
      key="3_♫"
      matched={false}
      onClick={[Function]}
      value="♫"
    />
    <Card
      disabled={false}
      flipped={false}
      id={4}
      key="4_♫"
      matched={false}
      onClick={[Function]}
      value="♫"
    />
    <Card
      disabled={false}
      flipped={false}
      id={5}
      key="5_☆"
      matched={false}
      onClick={[Function]}
      value="☆"
    />
    <Card
      disabled={false}
      flipped={false}
      id={6}
      key="6_♘"
      matched={false}
      onClick={[Function]}
      value="♘"
    />
    <Card
      disabled={false}
      flipped={false}
      id={7}
      key="7_☆"
      matched={false}
      onClick={[Function]}
      value="☆"
    />
  </div>
  <div
    className="utilites"
  >
    <div>
      <Button
        id="qa-reset"
        onClick={[Function]}
        text="Reset"
      />
      <Button
        id="qa-toggle"
        onClick={[Function]}
        text="Change level to hard"
      />
    </div>
  </div>
</div>
`;
